// Jest Snapshot v1, https://goo.gl/fbAQLP

exports[`SearchComponent should match the snapshot 1`] = `
<DocumentFragment>
  <div
    data-testid="search-component"
  >
    <div
      class="pt-4 pr-4 pl-4 bg-white w-full sm:w-[90%] md:w-[690px] max-w-full mx-auto"
      style="height: 600px; overflow: hidden; border-top-left-radius: 20px; border-top-right-radius: 20px; box-shadow: 0px 50px 100px -20px #32325D40, 0px 30px 60px -30px #00000040; transition: height 0.3s ease;"
    >
      <div
        class="pt-2 pl-2 pr-2 flex flex-col space-y-3 h-full"
      >
        <div>
          SearchBar
        </div>
        <div
          class="flex flex-wrap gap-2 pt-2 pb-2 tag-component"
        >
          <div>
            Tag
          </div>
          <div>
            Tag
          </div>
          <div>
            Tag
          </div>
          <div>
            Tag
          </div>
        </div>
        <div
          class="space-y-4 overflow-y-auto flex-grow relative"
        >
          <div
            class=" flex flex-col justify-center items-center"
          >
            <div
              class="flex justify-center items-center h-full w-full"
              style="padding-top: 70px;"
            >
              <div>
                NoResultSVG
              </div>
            </div>
          </div>
        </div>
      </div>
    </div>
    <div
      class="pl-6 pt-4 pb-4 bg-white w-full sm:w-[90%] md:w-[690px] max-w-full mx-auto lowerbox"
    >
      <div
        class="text-left"
      >
        No result
      </div>
    </div>
  </div>
</DocumentFragment>
`;
